PS C:\Users\john_\OneDrive\Documents\GitHub\RubyExamples> ruby RubyBasics1.rb
--------------- INPUT AND OUTPUT --------------- 
Adding Two Numbers Together
Enter a Value: 4
Enter Another Value: 6
4 + 6 = 10
--------------- ARITHMETIC OPERATORS --------------- --------------- 
6 + 4 = 10
6 - 4 = 2
6 * 4 = 24
6 / 4 = 1
6 % 4 = 2
1.0 - 0.999 = 0.0010000000000000009
1.1234567890123899
--------------- DATA TYPES --------------- 
Fixnum
Float
String
--------------- CONSTANTS --------------- 
RubyBasics1.rb:64: warning: already initialized constant A_CONSTANT
RubyBasics1.rb:63: warning: previous definition of A_CONSTANT was here
1.6
--------------- FILE I/O --------------- 
Data From File : Random Text
Hello From rubyOrNotRuby2.rb
PS C:\Users\john_\OneDrive\Documents\GitHub\RubyExamples> ruby RubyBasics2.rb
--------------- IF ELSE ELSIF --------------- 
You're in Middle School
Yeah
true && false = false
true && false = true
!true = false
5 <=> 10 = -1
Go to School
You're Young
PS C:\Users\john_\OneDrive\Documents\GitHub\RubyExamples> ruby RubyBasics3.rb
--------------- CASE --------------- 
Enter Greeting : french
Bonjour
PS C:\Users\john_\OneDrive\Documents\GitHub\RubyExamples> ruby RubyBasics4.rb
--------------- TERNARY OPERATOR --------------- 
Old
--------------- LOOP --------------- 
[x: 2][ x % 2 : 0]
2
[x: 3][ x % 2 : 1]
[x: 4][ x % 2 : 0]
4
[x: 5][ x % 2 : 1]
[x: 6][ x % 2 : 0]
6
--------------- WHILE LOOP --1-- --------------- 
2
4
6
--------------- WHILE LOOP --2-- --------------- 
2
4
6
--------------- UNTIL LOOP --------------- 
2
4
6
PS C:\Users\john_\OneDrive\Documents\GitHub\RubyExamples> ruby RubyBasics5.rb
--------------- FOR LOOPS --------------- 
1,
2,
3,
4,
5,
Get some bananas
Get some sweet potatoes
Get some pasta
Get some tomatoes
# 0
# 1
# 2
# 3
# 4
# 5
PS C:\Users\john_\OneDrive\Documents\GitHub\RubyExamples> ruby RubyBasic6.rb
--------------- FUNCTIONS ---------------
7
x = 1
PS C:\Users\john_\OneDrive\Documents\GitHub\RubyExamples> ruby RubyBasic7.rb
--------------- EXCEPTIONS (Zero Division Error) ---------------
Enter a number : 1
Enter Another : 0
You can't divide by zero
PS C:\Users\john_\OneDrive\Documents\GitHub\RubyExamples> ruby RubyBasics8.rb
--------------- EXCEPTIONS (Throw Exceptions) ---------------
That is an impossible age
PS C:\Users\john_\OneDrive\Documents\GitHub\RubyExamples> ruby RubyBasics9.rb
--------------- STRINGS ---------------
Add Them 9

Add Them #{4 + 5} \n\n
This is a very long string
that contains interpolation
like 9


Derek Justin Banas
true
18
Vowels : 6
Consonants : 12
false
Index : 13
a == a : true
"a".equal?("a") : false
true
DEREK JUSTIN BANAS
derek justin banas
dEREK jUSTIN bANAS
Derek Justin Banas
..Derek Justin Banas
Derek Justin Banas..
.Derek Justin Banas.
Derek Justin Bana
Derek Justin Banas
Derek Justin Ban
Derek Justin Bns
D
e
r
e
k

J
u
s
t
i
n

B
a
n
a
s
Derek
Justin
Banas
0
2.0
2
PS C:\Users\john_\OneDrive\Documents\GitHub\RubyExamples> ruby RubyBasics10.rb
--------------- CLASSES, OBJECTS, INHERITANCE ---------------
Creating a New Animal
Peekaboo
Peekaboo
Sophie
Rover
Generic Bark
Max goes Loud Bark
PS C:\Users\john_\OneDrive\Documents\GitHub\RubyExamples> ruby RubyBasics11.rb
--------------- MODULE (used to add functionality to a class) ---------------
Grrrrrr
PS C:\Users\john_\OneDrive\Documents\GitHub\RubyExamples> ruby RubyBasics12.rb
--------------- MODULE (Allows you access to other files) ---------------
Albert
Albert runs
Albert says (Smart) E = mcÂ²
PS C:\Users\john_\OneDrive\Documents\GitHub\RubyExamples> ruby RubyBasics13.rb
--------------- POLYMORPHISM ---------------
Tweet tweet
Squawk
PS C:\Users\john_\OneDrive\Documents\GitHub\RubyExamples> ruby RubyBasics14.rb
--------------- SYMBOLS ---------------
derek
derek
Symbol
535124
PS C:\Users\john_\OneDrive\Documents\GitHub\RubyExamples> ruby RubyBasics15.rb
--------------- ARRAYS ---------------





empty
empty
empty
empty
empty
1
two
3
5.5
3
3, 5.5
1, two, 5.5
0, 1, two, 3, 5.5
1, two, 3, 5.5
1, two, 3, 5.5, 100, 200
1, two, 3, 5.5, 100
1, two, 3, 5.5, 100, 10, 20, 30
Array Size : 8
Array Contains 100 : true
How Many 100s : 1
Array Empty : false
1, two, 3, 5.5, 100, 10, 20, 30
[1, "two", 3, 5.5, 100, 10, 20, 30]
1
two
3
5.5
100
10
20
30
PS C:\Users\john_\OneDrive\Documents\GitHub\RubyExamples> ruby RubyBasics16.rb
--------------- HASHS ---------------
3.14
Superman
Flash
No Such Key
Clark Kent : Superman
Bruce Wayne : Batman
Barry Allen : Flash
Lisa Morel : Aquagirl
Betty Kane : Batgirl
Has Key Lisa Morel : true
Has Value Batman : true
Is Hash Empty : false
Size of Hash : 5
Size of Hash : 4
PS C:\Users\john_\OneDrive\Documents\GitHub\RubyExamples> ruby RubyBasics17.rb
--------------- ENUMERABLE ---------------
Would you like : pizza
Would you like : spaghetti
Would you like : salad
Would you like : bread
Would you like : water
"pizza"
["pizza", "salad", "bread", "water"]
["spaghetti"]
"pizza"
["pizza", "spaghetti"]
["salad", "bread", "water"]
"bread"
"water"
["bread", "pizza", "salad", "spaghetti", "water"]
water
bread
salad
spaghetti
pizza